// Jest Snapshot v1, https://goo.gl/fbAQLP

exports[`@simonkberg/eslint-config/flowtype should match the snapshot 1`] = `
Object {
  "extends": Array [
    "<PROJECT_ROOT>/node_modules/eslint-plugin-flowtype/dist/configs/recommended.json",
    "<PROJECT_ROOT>/node_modules/eslint-config-prettier/flowtype.js",
  ],
  "parser": "<PROJECT_ROOT>/node_modules/babel-eslint/lib/index.js",
  "plugins": Array [
    "flowtype",
  ],
  "settings": Object {
    "flowtype": Object {
      "onlyFilesWithFlowAnnotation": true,
    },
  },
}
`;
